// Jest Snapshot v1, https://goo.gl/fbAQLP

exports[`<AirportMap /> with no props should match the snapshot 1`] = `"<div>Loading...</div>"`;
